// Jest Snapshot v1, https://goo.gl/fbAQLP

exports[`Card Should match the snapshot if there is no user 1`] = `
ShallowWrapper {
  "length": 1,
  Symbol(enzyme.__root__): [Circular],
  Symbol(enzyme.__unrendered__): <Card
    addBookmarks={
        Object {
            "addMatchers": [Function],
            "autoMockOff": [Function],
            "autoMockOn": [Function],
            "clearAllMocks": [Function],
            "clearAllTimers": [Function],
            "deepUnmock": [Function],
            "disableAutomock": [Function],
            "doMock": [Function],
            "dontMock": [Function],
            "enableAutomock": [Function],
            "fn": [Function],
            "genMockFn": [Function],
            "genMockFromModule": [Function],
            "genMockFunction": [Function],
            "isMockFunction": [Function],
            "mock": [Function],
            "resetAllMocks": [Function],
            "resetModuleRegistry": [Function],
            "resetModules": [Function],
            "runAllImmediates": [Function],
            "runAllTicks": [Function],
            "runAllTimers": [Function],
            "runOnlyPendingTimers": [Function],
            "runTimersToTime": [Function],
            "setMock": [Function],
            "spyOn": [Function],
            "unmock": [Function],
            "useFakeTimers": [Function],
            "useRealTimers": [Function],
          }
    }
    card={
        Object {
            "name": "Name: Dragon 1",
            "stats": Object {
              "crew": "Crew Capacity: 0",
              "diameter": "Diameter: 12 ft",
              "heatShield": "Heat Shield Capacity: 3000 deg",
              "height": "Height: 23.6 ft",
              "mass": "Mass: 3000 kg",
              "yearInOrbit": " Years in Orbit: 2",
            },
            "type": "capsule",
          }
    }
    className="rocket"
    user={
        Object {
            "email": "bob@gmail.com",
            "name": "bob",
          }
    }
/>,
  Symbol(enzyme.__renderer__): Object {
    "batchedUpdates": [Function],
    "getNode": [Function],
    "render": [Function],
    "simulateEvent": [Function],
    "unmount": [Function],
  },
  Symbol(enzyme.__node__): Object {
    "instance": null,
    "key": undefined,
    "nodeType": "host",
    "props": Object {
      "children": <div
        className="undefined"
>
        <h1>
                Name: Dragon 1
        </h1>
        <p>
                Crew Capacity: 0
        </p>
        <p>
                Diameter: 12 ft
        </p>
        <p>
                Heat Shield Capacity: 3000 deg
        </p>
        <p>
                Height: 23.6 ft
        </p>
        <p>
                Mass: 3000 kg
        </p>
        <p>
                 Years in Orbit: 2
        </p>
</div>,
      "className": "card",
    },
    "ref": null,
    "rendered": Object {
      "instance": null,
      "key": undefined,
      "nodeType": "host",
      "props": Object {
        "children": Array [
          <h1>
            Name: Dragon 1
</h1>,
          Array [
            <p>
              Crew Capacity: 0
</p>,
            <p>
              Diameter: 12 ft
</p>,
            <p>
              Heat Shield Capacity: 3000 deg
</p>,
            <p>
              Height: 23.6 ft
</p>,
            <p>
              Mass: 3000 kg
</p>,
            <p>
               Years in Orbit: 2
</p>,
          ],
        ],
        "className": "undefined",
      },
      "ref": null,
      "rendered": Array [
        Object {
          "instance": null,
          "key": undefined,
          "nodeType": "host",
          "props": Object {
            "children": "Name: Dragon 1",
          },
          "ref": null,
          "rendered": "Name: Dragon 1",
          "type": "h1",
        },
        Object {
          "instance": null,
          "key": "crew0",
          "nodeType": "host",
          "props": Object {
            "children": "Crew Capacity: 0",
          },
          "ref": null,
          "rendered": "Crew Capacity: 0",
          "type": "p",
        },
        Object {
          "instance": null,
          "key": "diameter1",
          "nodeType": "host",
          "props": Object {
            "children": "Diameter: 12 ft",
          },
          "ref": null,
          "rendered": "Diameter: 12 ft",
          "type": "p",
        },
        Object {
          "instance": null,
          "key": "heatShield2",
          "nodeType": "host",
          "props": Object {
            "children": "Heat Shield Capacity: 3000 deg",
          },
          "ref": null,
          "rendered": "Heat Shield Capacity: 3000 deg",
          "type": "p",
        },
        Object {
          "instance": null,
          "key": "height3",
          "nodeType": "host",
          "props": Object {
            "children": "Height: 23.6 ft",
          },
          "ref": null,
          "rendered": "Height: 23.6 ft",
          "type": "p",
        },
        Object {
          "instance": null,
          "key": "mass4",
          "nodeType": "host",
          "props": Object {
            "children": "Mass: 3000 kg",
          },
          "ref": null,
          "rendered": "Mass: 3000 kg",
          "type": "p",
        },
        Object {
          "instance": null,
          "key": "yearInOrbit5",
          "nodeType": "host",
          "props": Object {
            "children": " Years in Orbit: 2",
          },
          "ref": null,
          "rendered": " Years in Orbit: 2",
          "type": "p",
        },
      ],
      "type": "div",
    },
    "type": "div",
  },
  Symbol(enzyme.__nodes__): Array [
    Object {
      "instance": null,
      "key": undefined,
      "nodeType": "host",
      "props": Object {
        "children": <div
          className="undefined"
>
          <h1>
                    Name: Dragon 1
          </h1>
          <p>
                    Crew Capacity: 0
          </p>
          <p>
                    Diameter: 12 ft
          </p>
          <p>
                    Heat Shield Capacity: 3000 deg
          </p>
          <p>
                    Height: 23.6 ft
          </p>
          <p>
                    Mass: 3000 kg
          </p>
          <p>
                     Years in Orbit: 2
          </p>
</div>,
        "className": "card",
      },
      "ref": null,
      "rendered": Object {
        "instance": null,
        "key": undefined,
        "nodeType": "host",
        "props": Object {
          "children": Array [
            <h1>
              Name: Dragon 1
</h1>,
            Array [
              <p>
                Crew Capacity: 0
</p>,
              <p>
                Diameter: 12 ft
</p>,
              <p>
                Heat Shield Capacity: 3000 deg
</p>,
              <p>
                Height: 23.6 ft
</p>,
              <p>
                Mass: 3000 kg
</p>,
              <p>
                 Years in Orbit: 2
</p>,
            ],
          ],
          "className": "undefined",
        },
        "ref": null,
        "rendered": Array [
          Object {
            "instance": null,
            "key": undefined,
            "nodeType": "host",
            "props": Object {
              "children": "Name: Dragon 1",
            },
            "ref": null,
            "rendered": "Name: Dragon 1",
            "type": "h1",
          },
          Object {
            "instance": null,
            "key": "crew0",
            "nodeType": "host",
            "props": Object {
              "children": "Crew Capacity: 0",
            },
            "ref": null,
            "rendered": "Crew Capacity: 0",
            "type": "p",
          },
          Object {
            "instance": null,
            "key": "diameter1",
            "nodeType": "host",
            "props": Object {
              "children": "Diameter: 12 ft",
            },
            "ref": null,
            "rendered": "Diameter: 12 ft",
            "type": "p",
          },
          Object {
            "instance": null,
            "key": "heatShield2",
            "nodeType": "host",
            "props": Object {
              "children": "Heat Shield Capacity: 3000 deg",
            },
            "ref": null,
            "rendered": "Heat Shield Capacity: 3000 deg",
            "type": "p",
          },
          Object {
            "instance": null,
            "key": "height3",
            "nodeType": "host",
            "props": Object {
              "children": "Height: 23.6 ft",
            },
            "ref": null,
            "rendered": "Height: 23.6 ft",
            "type": "p",
          },
          Object {
            "instance": null,
            "key": "mass4",
            "nodeType": "host",
            "props": Object {
              "children": "Mass: 3000 kg",
            },
            "ref": null,
            "rendered": "Mass: 3000 kg",
            "type": "p",
          },
          Object {
            "instance": null,
            "key": "yearInOrbit5",
            "nodeType": "host",
            "props": Object {
              "children": " Years in Orbit: 2",
            },
            "ref": null,
            "rendered": " Years in Orbit: 2",
            "type": "p",
          },
        ],
        "type": "div",
      },
      "type": "div",
    },
  ],
  Symbol(enzyme.__options__): Object {
    "adapter": ReactSixteenAdapter {
      "options": Object {
        "enableComponentDidUpdateOnSetState": true,
      },
    },
  },
}
`;
