// Jest Snapshot v1, https://goo.gl/fbAQLP

exports[`App Should match the snapshot 1`] = `
ShallowWrapper {
  "length": 1,
  Symbol(enzyme.__root__): [Circular],
  Symbol(enzyme.__unrendered__): <App
    companyBio={
        Object {
            "founded": 2002,
            "founder": "Elon Musk",
            "headquarters": Object {
              "address": "Rocket Road",
              "city": "Hawthorne",
              "state": "California",
            },
            "name": "SpaceX",
            "summary": "SpaceX designs, manufactures and launches advanced...",
          }
    }
    fetchCompanyBio={[Function]}
    fetchMissionVideos={[Function]}
    handleError={[Function]}
    missionVideos={
        Array [
            Object {
              "date": "2017-09-29T06:05:03.000Z",
              "description": "Elon Musk gives new details, about SpaceX Mission...",
              "id": "XcVpMJp9Th4",
              "image": Object {
                "height": 360,
                "url": "https://i.ytimg.com/vi/XcVpMJp9Th4/hqdefault.jpg",
                "width": 480,
              },
              "title": "Elon Musk",
            },
            Object {
              "date": "2018-01-08T01:19:10.000Z",
              "description": "SpaceX is targeting launch...",
              "id": "0PWu3BRxn60",
              "image": Object {
                "height": 360,
                "url": "https://i.ytimg.com/vi/0PWu3BRxn60/hqdefault.jpg",
                "width": 480,
              },
              "title": "ZUMA Mission",
            },
          ]
    }
/>,
  Symbol(enzyme.__renderer__): Object {
    "batchedUpdates": [Function],
    "getNode": [Function],
    "render": [Function],
    "simulateEvent": [Function],
    "unmount": [Function],
  },
  Symbol(enzyme.__node__): Object {
    "instance": null,
    "key": undefined,
    "nodeType": "host",
    "props": Object {
      "children": Array [
        <Header
          history={undefined}
/>,
        <Switch>
          <Route
                    component={[Function]}
                    exact={true}
                    path="/"
          />
          <Route
                    component={[Function]}
                    path="/signup"
          />
          <Route
                    component={[Function]}
                    path="/signin"
          />
          <Route
                    component={[Function]}
                    path="/rockets"
          />
          <Route
                    component={[Function]}
                    path="/capsules"
          />
          <Route
                    component={[Function]}
                    path="/launchpads"
          />
          <Route
                    component={[Function]}
                    path="/launches"
          />
</Switch>,
      ],
      "className": "App",
    },
    "ref": null,
    "rendered": Array [
      Object {
        "instance": null,
        "key": undefined,
        "nodeType": "function",
        "props": Object {
          "history": undefined,
        },
        "ref": null,
        "rendered": null,
        "type": [Function],
      },
      Object {
        "instance": null,
        "key": undefined,
        "nodeType": "class",
        "props": Object {
          "children": Array [
            <Route
              component={[Function]}
              exact={true}
              path="/"
/>,
            <Route
              component={[Function]}
              path="/signup"
/>,
            <Route
              component={[Function]}
              path="/signin"
/>,
            <Route
              component={[Function]}
              path="/rockets"
/>,
            <Route
              component={[Function]}
              path="/capsules"
/>,
            <Route
              component={[Function]}
              path="/launchpads"
/>,
            <Route
              component={[Function]}
              path="/launches"
/>,
          ],
        },
        "ref": null,
        "rendered": Array [
          Object {
            "instance": null,
            "key": undefined,
            "nodeType": "class",
            "props": Object {
              "component": [Function],
              "exact": true,
              "path": "/",
            },
            "ref": null,
            "rendered": null,
            "type": [Function],
          },
          Object {
            "instance": null,
            "key": undefined,
            "nodeType": "class",
            "props": Object {
              "component": [Function],
              "path": "/signup",
            },
            "ref": null,
            "rendered": null,
            "type": [Function],
          },
          Object {
            "instance": null,
            "key": undefined,
            "nodeType": "class",
            "props": Object {
              "component": [Function],
              "path": "/signin",
            },
            "ref": null,
            "rendered": null,
            "type": [Function],
          },
          Object {
            "instance": null,
            "key": undefined,
            "nodeType": "class",
            "props": Object {
              "component": [Function],
              "path": "/rockets",
            },
            "ref": null,
            "rendered": null,
            "type": [Function],
          },
          Object {
            "instance": null,
            "key": undefined,
            "nodeType": "class",
            "props": Object {
              "component": [Function],
              "path": "/capsules",
            },
            "ref": null,
            "rendered": null,
            "type": [Function],
          },
          Object {
            "instance": null,
            "key": undefined,
            "nodeType": "class",
            "props": Object {
              "component": [Function],
              "path": "/launchpads",
            },
            "ref": null,
            "rendered": null,
            "type": [Function],
          },
          Object {
            "instance": null,
            "key": undefined,
            "nodeType": "class",
            "props": Object {
              "component": [Function],
              "path": "/launches",
            },
            "ref": null,
            "rendered": null,
            "type": [Function],
          },
        ],
        "type": [Function],
      },
    ],
    "type": "div",
  },
  Symbol(enzyme.__nodes__): Array [
    Object {
      "instance": null,
      "key": undefined,
      "nodeType": "host",
      "props": Object {
        "children": Array [
          <Header
            history={undefined}
/>,
          <Switch>
            <Route
                        component={[Function]}
                        exact={true}
                        path="/"
            />
            <Route
                        component={[Function]}
                        path="/signup"
            />
            <Route
                        component={[Function]}
                        path="/signin"
            />
            <Route
                        component={[Function]}
                        path="/rockets"
            />
            <Route
                        component={[Function]}
                        path="/capsules"
            />
            <Route
                        component={[Function]}
                        path="/launchpads"
            />
            <Route
                        component={[Function]}
                        path="/launches"
            />
</Switch>,
        ],
        "className": "App",
      },
      "ref": null,
      "rendered": Array [
        Object {
          "instance": null,
          "key": undefined,
          "nodeType": "function",
          "props": Object {
            "history": undefined,
          },
          "ref": null,
          "rendered": null,
          "type": [Function],
        },
        Object {
          "instance": null,
          "key": undefined,
          "nodeType": "class",
          "props": Object {
            "children": Array [
              <Route
                component={[Function]}
                exact={true}
                path="/"
/>,
              <Route
                component={[Function]}
                path="/signup"
/>,
              <Route
                component={[Function]}
                path="/signin"
/>,
              <Route
                component={[Function]}
                path="/rockets"
/>,
              <Route
                component={[Function]}
                path="/capsules"
/>,
              <Route
                component={[Function]}
                path="/launchpads"
/>,
              <Route
                component={[Function]}
                path="/launches"
/>,
            ],
          },
          "ref": null,
          "rendered": Array [
            Object {
              "instance": null,
              "key": undefined,
              "nodeType": "class",
              "props": Object {
                "component": [Function],
                "exact": true,
                "path": "/",
              },
              "ref": null,
              "rendered": null,
              "type": [Function],
            },
            Object {
              "instance": null,
              "key": undefined,
              "nodeType": "class",
              "props": Object {
                "component": [Function],
                "path": "/signup",
              },
              "ref": null,
              "rendered": null,
              "type": [Function],
            },
            Object {
              "instance": null,
              "key": undefined,
              "nodeType": "class",
              "props": Object {
                "component": [Function],
                "path": "/signin",
              },
              "ref": null,
              "rendered": null,
              "type": [Function],
            },
            Object {
              "instance": null,
              "key": undefined,
              "nodeType": "class",
              "props": Object {
                "component": [Function],
                "path": "/rockets",
              },
              "ref": null,
              "rendered": null,
              "type": [Function],
            },
            Object {
              "instance": null,
              "key": undefined,
              "nodeType": "class",
              "props": Object {
                "component": [Function],
                "path": "/capsules",
              },
              "ref": null,
              "rendered": null,
              "type": [Function],
            },
            Object {
              "instance": null,
              "key": undefined,
              "nodeType": "class",
              "props": Object {
                "component": [Function],
                "path": "/launchpads",
              },
              "ref": null,
              "rendered": null,
              "type": [Function],
            },
            Object {
              "instance": null,
              "key": undefined,
              "nodeType": "class",
              "props": Object {
                "component": [Function],
                "path": "/launches",
              },
              "ref": null,
              "rendered": null,
              "type": [Function],
            },
          ],
          "type": [Function],
        },
      ],
      "type": "div",
    },
  ],
  Symbol(enzyme.__options__): Object {
    "adapter": ReactSixteenAdapter {
      "options": Object {
        "enableComponentDidUpdateOnSetState": true,
      },
    },
  },
}
`;
