// Jest Snapshot v1, https://goo.gl/fbAQLP

exports[`Launchpad Should match the snapshot 1`] = `
ShallowWrapper {
  "length": 1,
  Symbol(enzyme.__root__): [Circular],
  Symbol(enzyme.__unrendered__): <Launchpad
    launchpad={
        Object {
            "details": "SpaceX east coast landing...",
            "location": "Florida: Cape Canaveral",
            "name": "Cape Canaveral Air Force Station, Space Launch Complex 13",
            "status": "active",
            "vehicles": Array [
              "Falcon 9",
            ],
          }
    }
/>,
  Symbol(enzyme.__renderer__): Object {
    "batchedUpdates": [Function],
    "getNode": [Function],
    "render": [Function],
    "simulateEvent": [Function],
    "unmount": [Function],
  },
  Symbol(enzyme.__node__): Object {
    "instance": null,
    "key": undefined,
    "nodeType": "host",
    "props": Object {
      "children": Array [
        <h1>
          Cape Canaveral Air Force Station, Space Launch Complex 13
</h1>,
        <p>
          active
</p>,
        <h2>
          Florida: Cape Canaveral
</h2>,
        <h3>
          SpaceX east coast landing...
</h3>,
        Array [
          <p>
            Falcon 9
</p>,
        ],
      ],
      "className": "launchpad",
    },
    "ref": null,
    "rendered": Array [
      Object {
        "instance": null,
        "key": undefined,
        "nodeType": "host",
        "props": Object {
          "children": "Cape Canaveral Air Force Station, Space Launch Complex 13",
        },
        "ref": null,
        "rendered": "Cape Canaveral Air Force Station, Space Launch Complex 13",
        "type": "h1",
      },
      Object {
        "instance": null,
        "key": undefined,
        "nodeType": "host",
        "props": Object {
          "children": "active",
        },
        "ref": null,
        "rendered": "active",
        "type": "p",
      },
      Object {
        "instance": null,
        "key": undefined,
        "nodeType": "host",
        "props": Object {
          "children": "Florida: Cape Canaveral",
        },
        "ref": null,
        "rendered": "Florida: Cape Canaveral",
        "type": "h2",
      },
      Object {
        "instance": null,
        "key": undefined,
        "nodeType": "host",
        "props": Object {
          "children": "SpaceX east coast landing...",
        },
        "ref": null,
        "rendered": "SpaceX east coast landing...",
        "type": "h3",
      },
      Object {
        "instance": null,
        "key": "0",
        "nodeType": "host",
        "props": Object {
          "children": "Falcon 9",
        },
        "ref": null,
        "rendered": "Falcon 9",
        "type": "p",
      },
    ],
    "type": "div",
  },
  Symbol(enzyme.__nodes__): Array [
    Object {
      "instance": null,
      "key": undefined,
      "nodeType": "host",
      "props": Object {
        "children": Array [
          <h1>
            Cape Canaveral Air Force Station, Space Launch Complex 13
</h1>,
          <p>
            active
</p>,
          <h2>
            Florida: Cape Canaveral
</h2>,
          <h3>
            SpaceX east coast landing...
</h3>,
          Array [
            <p>
              Falcon 9
</p>,
          ],
        ],
        "className": "launchpad",
      },
      "ref": null,
      "rendered": Array [
        Object {
          "instance": null,
          "key": undefined,
          "nodeType": "host",
          "props": Object {
            "children": "Cape Canaveral Air Force Station, Space Launch Complex 13",
          },
          "ref": null,
          "rendered": "Cape Canaveral Air Force Station, Space Launch Complex 13",
          "type": "h1",
        },
        Object {
          "instance": null,
          "key": undefined,
          "nodeType": "host",
          "props": Object {
            "children": "active",
          },
          "ref": null,
          "rendered": "active",
          "type": "p",
        },
        Object {
          "instance": null,
          "key": undefined,
          "nodeType": "host",
          "props": Object {
            "children": "Florida: Cape Canaveral",
          },
          "ref": null,
          "rendered": "Florida: Cape Canaveral",
          "type": "h2",
        },
        Object {
          "instance": null,
          "key": undefined,
          "nodeType": "host",
          "props": Object {
            "children": "SpaceX east coast landing...",
          },
          "ref": null,
          "rendered": "SpaceX east coast landing...",
          "type": "h3",
        },
        Object {
          "instance": null,
          "key": "0",
          "nodeType": "host",
          "props": Object {
            "children": "Falcon 9",
          },
          "ref": null,
          "rendered": "Falcon 9",
          "type": "p",
        },
      ],
      "type": "div",
    },
  ],
  Symbol(enzyme.__options__): Object {
    "adapter": ReactSixteenAdapter {
      "options": Object {
        "enableComponentDidUpdateOnSetState": true,
      },
    },
  },
}
`;
